Rc files read:
  /Users/torkralle/.latexmkrc
Latexmk: This is Latexmk, John Collins, 27 Dec. 2024. Version 4.86a.
Latexmk: making output directory 'out'
No existing .aux file, so I'll make a simple one, and require run of *latex.
Latexmk: applying rule 'lualatex'...
Rule 'lualatex':  Reasons for rerun
Category 'other':
  Rerun of 'lualatex' forced or previously required:
    Reason or flag: 'Initial setup'

------------
Run number 1 of rule 'lualatex'
------------
------------
Running 'luahbtex -synctex=1 -halt-on-error -file-line-error -interaction=nonstopmode  -recorder -output-directory="out"  "main.tex"'
------------
This is LuaHBTeX, Version 1.21.0 (TeX Live 2025) 
 restricted system commands enabled.
(./main.tex
./main.tex:2: Undefined control sequence.
l.2 \documentclass
                  [11pt,a4paper,report]{bxjsreport}
./main.tex:2:  ==> Fatal error occurred, no output PDF file produced!
Transcript written on main.log.
Latexmk: Getting log file 'out/main.log'
Latexmk: Examining 'out/main.fls'
Latexmk: Examining 'out/main.log'
Failure to make 'out/main.pdf'
Latexmk: Errors, in force_mode: so I tried finishing targets
Collected error summary (may duplicate other messages):
  lualatex: Command for 'lualatex' gave return code 1
      Refer to 'out/main.log' and/or above output for details

