\BOOKMARK [0][-]{chapter.1}{\376\377\173\054\0001\172\340\000\040\136\217\212\326}{}% 1
\BOOKMARK [1][-]{section.1.1}{\376\377\0001\000.\0001\000\040\116\313\213\167\116\272\147\120\116\015\215\263\060\156\221\317\166\204\212\262\230\114}{chapter.1}% 2
\BOOKMARK [1][-]{section.1.2}{\376\377\0001\000.\0002\000\040\116\313\213\167\151\155\165\114\060\114\166\364\227\142\060\131\060\213\212\262\230\114}{chapter.1}% 3
\BOOKMARK [1][-]{section.1.3}{\376\377\0001\000.\0003\000\040\116\313\213\167\060\336\060\303\060\301\060\363\060\260\060\242\060\327\060\352\060\156\116\325\175\104\060\177}{chapter.1}% 4
\BOOKMARK [1][-]{section.1.4}{\376\377\0001\000.\0004\000\040\163\376\210\114\060\336\060\303\060\301\060\363\060\260\060\267\060\271\060\306\060\340\060\156\226\120\165\114}{chapter.1}% 5
\BOOKMARK [1][-]{section.1.5}{\376\377\0001\000.\0005\000\040\060\242\060\374\060\255\060\306\060\257\060\301\060\343\060\150\060\323\060\270\060\315\060\271\060\342\060\307\060\353}{chapter.1}% 6
\BOOKMARK [2][-]{subsection.1.5.1}{\376\377\0001\000.\0005\000.\0001\000\040\060\323\060\270\060\315\060\271\060\342\060\307\060\353}{section.1.5}% 7
\BOOKMARK [2][-]{subsection.1.5.2}{\376\377\0001\000.\0005\000.\0002\000\040\163\376\127\050\060\156\060\242\060\327\060\352\060\156\060\242\060\374\060\255\060\306\060\257\060\301\060\343}{section.1.5}% 8
\BOOKMARK [0][-]{chapter.2}{\376\377\173\054\0002\172\340\000\040\170\024\172\166\060\156\166\356\166\204}{}% 9
\BOOKMARK [1][-]{section.2.1}{\376\377\0002\000.\0001\000\040\137\223\147\145\060\156\060\336\060\303\060\301\060\363\060\260\060\267\060\271\060\306\060\340\060\156\226\120\165\114}{chapter.2}% 10
\BOOKMARK [1][-]{section.2.2}{\376\377\0002\000.\0002\000\040\147\054\170\024\172\166\060\156\060\242\060\327\060\355\060\374\060\301}{chapter.2}% 11
\BOOKMARK [1][-]{section.2.3}{\376\377\0002\000.\0003\000\040\147\037\137\205\060\125\060\214\060\213\122\271\147\234}{chapter.2}% 12
\BOOKMARK [0][-]{chapter.3}{\376\377\173\054\0003\172\340\000\040\143\320\150\110\142\113\154\325}{}% 13
\BOOKMARK [1][-]{section.3.1}{\376\377\0003\000.\0001\000\040\201\352\161\066\212\000\212\236\121\346\164\006\060\342\060\307\060\353\060\222\122\051\165\050\060\127\060\137\215\335\226\342\212\010\173\227}{chapter.3}% 14
\BOOKMARK [2][-]{subsection.3.1.1}{\376\377\0003\000.\0001\000.\0001\000\040\060\331\060\257\060\310\060\353\123\026\060\150\060\263\060\265\060\244\060\363\230\136\117\074\136\246}{section.3.1}% 15
\BOOKMARK [2][-]{subsection.3.1.2}{\376\377\0003\000.\0001\000.\0002\000\040\210\114\122\027\225\223\060\156\230\136\117\074\136\246\212\010\173\227}{section.3.1}% 16
\BOOKMARK [1][-]{section.3.2}{\376\377\0003\000.\0002\000\040\146\102\225\223\166\204\215\335\226\342\060\150\122\344\122\331\147\141\116\366\060\156\135\356\122\006}{chapter.3}% 17
\BOOKMARK [1][-]{section.3.3}{\376\377\0003\000.\0003\000\040\220\116\123\273\137\334\122\337\134\145\153\164\060\156\155\073\165\050}{chapter.3}% 18
\BOOKMARK [0][-]{chapter.4}{\376\377\173\054\0004\172\340\000\040\133\237\232\023}{}% 19
\BOOKMARK [1][-]{section.4.1}{\376\377\0004\000.\0001\000\040\133\237\232\023\060\267\060\271\060\306\060\340\060\156\133\237\210\305\060\150\060\242\060\374\060\255\060\306\060\257\060\301\060\343}{chapter.4}% 20
\BOOKMARK [2][-]{subsection.4.1.1}{\376\377\0004\000.\0001\000.\0001\000\040\060\267\060\271\060\306\060\340\151\202\211\201}{section.4.1}% 21
\BOOKMARK [2][-]{subsection.4.1.2}{\376\377\0004\000.\0001\000.\0002\000\040\212\125\117\241\060\321\060\244\060\327\060\351\060\244\060\363}{section.4.1}% 22
\BOOKMARK [2][-]{subsection.4.1.3}{\376\377\0004\000.\0001\000.\0003\000\040\220\113\165\050\060\373\142\341\137\065}{section.4.1}% 23
\BOOKMARK [1][-]{section.4.2}{\376\377\0004\000.\0002\000\040\116\210\120\231\133\237\232\023\0001\377\032\145\345\147\054\212\236\000B\000E\000R\000T\060\342\060\307\060\353\060\153\060\210\060\213\123\130\212\236\225\223\230\136\117\074\136\246\156\054\133\232}{chapter.4}% 24
\BOOKMARK [1][-]{section.4.3}{\376\377\0004\000.\0003\000\040\116\210\120\231\133\237\232\023\0002\377\032\000B\000E\000R\000T\060\342\060\307\060\353\060\156\152\052\145\255\212\125\117\241}{chapter.4}% 25
\BOOKMARK [1][-]{section.4.4}{\376\377\0004\000.\0004\000\040\147\054\133\237\232\023\0001\377\032\220\116\123\273\060\156\137\334\122\337\134\145\153\164\060\113\060\211\060\156\143\250\133\232}{chapter.4}% 26
\BOOKMARK [1][-]{section.4.5}{\376\377\0004\000.\0005\000\040\147\054\133\237\232\023\0002\377\032\211\007\145\160\230\005\166\356\060\156\221\315\060\177\116\330\060\121\060\153\060\210\060\213\174\276\136\246\124\021\116\012}{chapter.4}% 27
\BOOKMARK [1][-]{section.4.6}{\376\377\0004\000.\0006\000\040\147\054\133\237\232\023\0003\377\032\146\102\225\223\221\315\060\177\116\330\060\121\153\324\217\003}{chapter.4}% 28
\BOOKMARK [1][-]{section.4.7}{\376\377\0004\000.\0007\000\040\147\054\133\237\232\023\0004\377\032\146\102\225\223\221\315\060\177\201\352\122\325\220\170\142\236\060\156\133\237\210\305\060\150\175\120\147\234}{chapter.4}% 29
\BOOKMARK [0][-]{chapter.5}{\376\377\173\054\0005\172\340\000\040\200\003\133\337}{}% 30
\BOOKMARK [0][-]{chapter.6}{\376\377\173\054\0006\172\340\000\040\060\346\060\374\060\266\060\374\060\271\060\277\060\307\060\243}{}% 31
\BOOKMARK [1][-]{section.6.1}{\376\377\0006\000.\0001\000\040\060\244\060\363\060\277\060\323\060\345\060\374\133\376\214\141\200\005}{chapter.6}% 32
\BOOKMARK [1][-]{section.6.2}{\376\377\0006\000.\0002\000\040\154\102\116\272\220\170\142\236\060\156\133\237\141\113}{chapter.6}% 33
\BOOKMARK [1][-]{section.6.3}{\376\377\0006\000.\0003\000\040\140\305\130\061\123\316\226\306\060\156\133\237\141\113}{chapter.6}% 34
\BOOKMARK [1][-]{section.6.4}{\376\377\0006\000.\0004\000\040\060\346\060\374\060\266\060\374\060\271\060\277\060\307\060\243\060\113\060\211\137\227\060\211\060\214\060\137\171\072\125\006}{chapter.6}% 35
\BOOKMARK [0][-]{chapter.7}{\376\377\173\054\0007\172\340\000\040\126\336\220\177\151\155\122\331\060\332\060\312\060\353\060\306\060\243\060\150\146\102\225\223\137\327\124\021\060\156\133\237\232\023}{}% 36
\BOOKMARK [1][-]{section.7.1}{\376\377\0007\000.\0001\000\040\217\375\122\240\133\237\232\023\0001\377\032\126\336\220\177\151\155\122\331\060\332\060\312\060\353\060\306\060\243\060\156\151\034\212\074}{chapter.7}% 37
\BOOKMARK [1][-]{section.7.2}{\376\377\0007\000.\0002\000\040\217\375\122\240\133\237\232\023\0002\377\032\146\102\225\223\137\327\124\021\060\222\124\014\146\102\060\153\142\161\060\143\060\137\130\064\124\010}{chapter.7}% 38
\BOOKMARK [0][-]{chapter.8}{\376\377\173\054\0008\172\340\000\040\116\312\137\214\060\156\134\125\147\033}{}% 39
\BOOKMARK [0][-]{chapter.9}{\376\377\173\054\0009\172\340\000\040\175\120\212\326}{}% 40
\BOOKMARK [0][-]{chapter*.76}{\376\377\213\035\217\236}{}% 41
\BOOKMARK [0][-]{chapter*.77}{\376\377\123\302\200\003\145\207\163\056}{}% 42
\BOOKMARK [0][-]{chapter*.78}{\376\377\170\024\172\166\151\155\176\076}{}% 43
\BOOKMARK [0][-]{appendix.A}{\376\377\116\330\223\062\000A\000\040\221\315\060\177\116\330\060\121\060\321\060\277\060\374\060\363\116\000\211\247\377\010\147\054\133\237\232\023\0002\060\373\0003\377\011}{}% 44
\BOOKMARK [0][-]{appendix.B}{\376\377\116\330\223\062\000B\000\040\060\267\060\271\060\306\060\340\151\313\142\020\151\202\211\201\377\010\060\307\060\243\060\354\060\257\060\310\060\352\060\331\060\374\060\271\377\011}{}% 45
