This is LuaHBTeX, Version 1.21.0 (TeX Live 2025)  (format=lualatex 2025.12.11)  19 JAN 2026 14:44
 restricted system commands enabled.
**main.tex
(./main.tex
LaTeX2e <2024-11-01> patch level 2
L3 programming layer <2025-01-18>
Lua module: luaotfload 2024-12-03 v3.29 Lua based OpenType font support
Lua module: lualibs 2023-07-13 v2.76 ConTeXt Lua standard libraries.
Lua module: lualibs-extended 2023-07-13 v2.76 ConTeXt Lua libraries -- extended 
collection.
luaotfload | load : FATAL ERROR
luaotfload | load :   × Failed to load "fontloader" module "basics-gen".
luaotfload | load :   × Error message:
luaotfload | load :     × "...025/texmf-dist/tex/luatex/luaotfload/luaotfload-i
nit.lua:301: system : no writeable cache path, quiting"....025/texmf-dist/tex/lu
atex/luaotfload/luaotfload-init.lua:301: system : no writeable cache path, quiti
ng
stack traceback:
	[C]: in function 'error'
	...025/texmf-dist/tex/luatex/luaotfload/luaotfload-init.lua:301: in function 'o
s.exit'
	...ive/2025/texmf-dist/tex/luatex/luaotfload/luaotfload.lua:203: in local 'load
_fontloader_module'
	...025/texmf-dist/tex/luatex/luaotfload/luaotfload-init.lua:303: in upvalue 'in
it_main'
	...025/texmf-dist/tex/luatex/luaotfload/luaotfload-init.lua:590: in function 'l
uaotfload-init.lua'
	...ive/2025/texmf-dist/tex/luatex/luaotfload/luaotfload.lua:322: in field 'main
'
	[\directlua]:1: in main chunk.
<everyjob> ...string \\encodingdefault{OT1}')end }
                                                  \let \f@encoding \encoding...
l.1 
    % LuaLaTeX用のドキュメントクラス

Here is how much of LuaTeX's memory you used:
 7 strings out of 475506
 100000,552014 words of node,token memory allocated
 275 words of node memory still in use:
   1 hlist, 1 dir, 39 glue_spec nodes
   avail lists: 2:12,3:3,4:1
 23133 multiletter control sequences out of 65536+600000
 14 fonts using 591679 bytes
 5i,0n,0p,53b,15s stack positions out of 10000i,1000n,20000p,200000b,200000s
!  ==> Fatal error occurred, no output PDF file produced!
